2026-05-06T21:57:48.8156573Z Current runner version: '2.334.0'
2026-05-06T21:57:48.8180777Z ##[group]Runner Image Provisioner
2026-05-06T21:57:48.8181621Z Hosted Compute Agent
2026-05-06T21:57:48.8182172Z Version: 20260213.493
2026-05-06T21:57:48.8182765Z Commit: 5c115507f6dd24b8de37d8bbe0bb4509d0cc0fa3
2026-05-06T21:57:48.8183391Z Build Date: 2026-02-13T00:28:41Z
2026-05-06T21:57:48.8184088Z Worker ID: {a759e83d-c326-4ea5-9f2e-b0a40e470e43}
2026-05-06T21:57:48.8184724Z Azure Region: northcentralus
2026-05-06T21:57:48.8185278Z ##[endgroup]
2026-05-06T21:57:48.8187089Z ##[group]Operating System
2026-05-06T21:57:48.8187691Z Ubuntu
2026-05-06T21:57:48.8188132Z 24.04.4
2026-05-06T21:57:48.8188643Z LTS
2026-05-06T21:57:48.8189088Z ##[endgroup]
2026-05-06T21:57:48.8189535Z ##[group]Runner Image
2026-05-06T21:57:48.8190149Z Image: ubuntu-24.04
2026-05-06T21:57:48.8190614Z Version: 20260413.86.1
2026-05-06T21:57:48.8191829Z Included Software: https://github.com/actions/runner-images/blob/ubuntu24/20260413.86/images/ubuntu/Ubuntu2404-Readme.md
2026-05-06T21:57:48.8193291Z Image Release: https://github.com/actions/runner-images/releases/tag/ubuntu24%2F20260413.86
2026-05-06T21:57:48.8194176Z ##[endgroup]
2026-05-06T21:57:48.8195277Z ##[group]GITHUB_TOKEN Permissions
2026-05-06T21:57:48.8197447Z Contents: write
2026-05-06T21:57:48.8198056Z Metadata: read
2026-05-06T21:57:48.8198573Z SecurityEvents: write
2026-05-06T21:57:48.8199053Z ##[endgroup]
2026-05-06T21:57:48.8201317Z Secret source: Actions
2026-05-06T21:57:48.8201991Z Prepare workflow directory
2026-05-06T21:57:48.8677251Z Prepare all required actions
2026-05-06T21:57:48.8732919Z Getting action download info
2026-05-06T21:57:49.2116310Z Download action repository 'actions/checkout@v4' (SHA:34e114876b0b11c390a56381ad16ebd13914f8d5)
2026-05-06T21:57:49.3201758Z Download action repository 'actions/setup-java@v4' (SHA:c1e323688fd81a25caa38c78aa6df2d33d3e20d9)
2026-05-06T21:57:49.8729930Z Download action repository 'gradle/actions@v4' (SHA:ed408507eac070d1f99cc633dbcf757c94c7933a)
2026-05-06T21:57:50.8424469Z Complete job name: dependency-submission
2026-05-06T21:57:50.9121680Z ##[group]Run actions/checkout@v4
2026-05-06T21:57:50.9122327Z with:
2026-05-06T21:57:50.9122534Z   repository: adamoutler/cossh
2026-05-06T21:57:50.9122975Z   token: ***
2026-05-06T21:57:50.9123163Z   ssh-strict: true
2026-05-06T21:57:50.9123346Z   ssh-user: git
2026-05-06T21:57:50.9123556Z   persist-credentials: true
2026-05-06T21:57:50.9123772Z   clean: true
2026-05-06T21:57:50.9123969Z   sparse-checkout-cone-mode: true
2026-05-06T21:57:50.9124206Z   fetch-depth: 1
2026-05-06T21:57:50.9124414Z   fetch-tags: false
2026-05-06T21:57:50.9124624Z   show-progress: true
2026-05-06T21:57:50.9124814Z   lfs: false
2026-05-06T21:57:50.9124995Z   submodules: false
2026-05-06T21:57:50.9125194Z   set-safe-directory: true
2026-05-06T21:57:50.9125630Z ##[endgroup]
2026-05-06T21:57:51.0256274Z Syncing repository: adamoutler/cossh
2026-05-06T21:57:51.0257764Z ##[group]Getting Git version info
2026-05-06T21:57:51.0258148Z Working directory is '/home/runner/work/cossh/cossh'
2026-05-06T21:57:51.0258751Z [command]/usr/bin/git version
2026-05-06T21:57:51.0301891Z git version 2.53.0
2026-05-06T21:57:51.0329156Z ##[endgroup]
2026-05-06T21:57:51.0352348Z Temporarily overriding HOME='/home/runner/work/_temp/f64228d4-302c-40b7-967d-c86d7d623ffc' before making global git config changes
2026-05-06T21:57:51.0353394Z Adding repository directory to the temporary git global config as a safe directory
2026-05-06T21:57:51.0357914Z [command]/usr/bin/git config --global --add safe.directory /home/runner/work/cossh/cossh
2026-05-06T21:57:51.0392933Z Deleting the contents of '/home/runner/work/cossh/cossh'
2026-05-06T21:57:51.0396817Z ##[group]Initializing the repository
2026-05-06T21:57:51.0401622Z [command]/usr/bin/git init /home/runner/work/cossh/cossh
2026-05-06T21:57:51.0495537Z hint: Using 'master' as the name for the initial branch. This default branch name
2026-05-06T21:57:51.0496905Z hint: will change to "main" in Git 3.0. To configure the initial branch name
2026-05-06T21:57:51.0498349Z hint: to use in all of your new repositories, which will suppress this warning,
2026-05-06T21:57:51.0499084Z hint: call:
2026-05-06T21:57:51.0499736Z hint:
2026-05-06T21:57:51.0500288Z hint: 	git config --global init.defaultBranch <name>
2026-05-06T21:57:51.0500864Z hint:
2026-05-06T21:57:51.0501387Z hint: Names commonly chosen instead of 'master' are 'main', 'trunk' and
2026-05-06T21:57:51.0502306Z hint: 'development'. The just-created branch can be renamed via this command:
2026-05-06T21:57:51.0503044Z hint:
2026-05-06T21:57:51.0503432Z hint: 	git branch -m <name>
2026-05-06T21:57:51.0503809Z hint:
2026-05-06T21:57:51.0504359Z hint: Disable this message with "git config set advice.defaultBranchName false"
2026-05-06T21:57:51.0505299Z Initialized empty Git repository in /home/runner/work/cossh/cossh/.git/
2026-05-06T21:57:51.0510531Z [command]/usr/bin/git remote add origin https://github.com/adamoutler/cossh
2026-05-06T21:57:51.0542928Z ##[endgroup]
2026-05-06T21:57:51.0543594Z ##[group]Disabling automatic garbage collection
2026-05-06T21:57:51.0548698Z [command]/usr/bin/git config --local gc.auto 0
2026-05-06T21:57:51.0576769Z ##[endgroup]
2026-05-06T21:57:51.0577170Z ##[group]Setting up auth
2026-05-06T21:57:51.0585585Z [command]/usr/bin/git config --local --name-only --get-regexp core\.sshCommand
2026-05-06T21:57:51.0616822Z [command]/usr/bin/git submodule foreach --recursive sh -c "git config --local --name-only --get-regexp 'core\.sshCommand' && git config --local --unset-all 'core.sshCommand' || :"
2026-05-06T21:57:51.0904450Z [command]/usr/bin/git config --local --name-only --get-regexp http\.https\:\/\/github\.com\/\.extraheader
2026-05-06T21:57:51.0935329Z [command]/usr/bin/git submodule foreach --recursive sh -c "git config --local --name-only --get-regexp 'http\.https\:\/\/github\.com\/\.extraheader' && git config --local --unset-all 'http.https://github.com/.extraheader' || :"
2026-05-06T21:57:51.1156960Z [command]/usr/bin/git config --local --name-only --get-regexp ^includeIf\.gitdir:
2026-05-06T21:57:51.1192842Z [command]/usr/bin/git submodule foreach --recursive git config --local --show-origin --name-only --get-regexp remote.origin.url
2026-05-06T21:57:51.1417854Z [command]/usr/bin/git config --local http.https://github.com/.extraheader AUTHORIZATION: basic ***
2026-05-06T21:57:51.1454498Z ##[endgroup]
2026-05-06T21:57:51.1455467Z ##[group]Fetching the repository
2026-05-06T21:57:51.1463164Z [command]/usr/bin/git -c protocol.version=2 fetch --no-tags --prune --no-recurse-submodules --depth=1 origin +7871e75dd1e9dff341550b15a0e584f1db7ae4a3:refs/remotes/origin/main
2026-05-06T21:57:52.0895578Z From https://github.com/adamoutler/cossh
2026-05-06T21:57:52.0896402Z  * [new ref]         7871e75dd1e9dff341550b15a0e584f1db7ae4a3 -> origin/main
2026-05-06T21:57:52.0925715Z ##[endgroup]
2026-05-06T21:57:52.0926621Z ##[group]Determining the checkout info
2026-05-06T21:57:52.0928766Z ##[endgroup]
2026-05-06T21:57:52.0934448Z [command]/usr/bin/git sparse-checkout disable
2026-05-06T21:57:52.0972385Z [command]/usr/bin/git config --local --unset-all extensions.worktreeConfig
2026-05-06T21:57:52.0998243Z ##[group]Checking out the ref
2026-05-06T21:57:52.1002436Z [command]/usr/bin/git checkout --progress --force -B main refs/remotes/origin/main
2026-05-06T21:57:52.2125215Z Switched to a new branch 'main'
2026-05-06T21:57:52.2127131Z branch 'main' set up to track 'origin/main'.
2026-05-06T21:57:52.2143607Z ##[endgroup]
2026-05-06T21:57:52.2188388Z [command]/usr/bin/git log -1 --format=%H
2026-05-06T21:57:52.2213203Z 7871e75dd1e9dff341550b15a0e584f1db7ae4a3
2026-05-06T21:57:52.2467225Z ##[group]Run actions/setup-java@v4
2026-05-06T21:57:52.2467545Z with:
2026-05-06T21:57:52.2467722Z   java-version: 17
2026-05-06T21:57:52.2467907Z   distribution: temurin
2026-05-06T21:57:52.2468113Z   java-package: jdk
2026-05-06T21:57:52.2468307Z   check-latest: false
2026-05-06T21:57:52.2468499Z   server-id: github
2026-05-06T21:57:52.2468689Z   server-username: GITHUB_ACTOR
2026-05-06T21:57:52.2468917Z   server-password: GITHUB_TOKEN
2026-05-06T21:57:52.2469343Z   overwrite-settings: true
2026-05-06T21:57:52.2469547Z   job-status: success
2026-05-06T21:57:52.2469879Z   token: ***
2026-05-06T21:57:52.2470058Z ##[endgroup]
2026-05-06T21:57:52.4521456Z ##[group]Installed distributions
2026-05-06T21:57:52.4585531Z Resolved Java 17.0.18+8 from tool-cache
2026-05-06T21:57:52.4586785Z Setting Java 17.0.18+8 as the default
2026-05-06T21:57:52.4601151Z Creating toolchains.xml for JDK version 17 from temurin
2026-05-06T21:57:52.4682099Z Writing to /home/runner/.m2/toolchains.xml
2026-05-06T21:57:52.4682603Z 
2026-05-06T21:57:52.4682980Z Java configuration:
2026-05-06T21:57:52.4683669Z   Distribution: temurin
2026-05-06T21:57:52.4684077Z   Version: 17.0.18+8
2026-05-06T21:57:52.4685158Z   Path: /opt/hostedtoolcache/Java_Temurin-Hotspot_jdk/17.0.18-8/x64
2026-05-06T21:57:52.4685971Z 
2026-05-06T21:57:52.4687883Z ##[endgroup]
2026-05-06T21:57:52.4701029Z Creating settings.xml with server-id: github
2026-05-06T21:57:52.4710753Z Writing to /home/runner/.m2/settings.xml
2026-05-06T21:57:52.4885316Z ##[group]Run chmod +x gradlew
2026-05-06T21:57:52.4885664Z [36;1mchmod +x gradlew[0m
2026-05-06T21:57:52.4912002Z shell: /usr/bin/bash -e {0}
2026-05-06T21:57:52.4912281Z env:
2026-05-06T21:57:52.4912604Z   JAVA_HOME: /opt/hostedtoolcache/Java_Temurin-Hotspot_jdk/17.0.18-8/x64
2026-05-06T21:57:52.4913127Z   JAVA_HOME_17_X64: /opt/hostedtoolcache/Java_Temurin-Hotspot_jdk/17.0.18-8/x64
2026-05-06T21:57:52.4913520Z ##[endgroup]
2026-05-06T21:57:52.5149632Z ##[group]Run gradle/actions/dependency-submission@v4
2026-05-06T21:57:52.5149962Z with:
2026-05-06T21:57:52.5150138Z   cache-disabled: false
2026-05-06T21:57:52.5150349Z   cache-read-only: false
2026-05-06T21:57:52.5150554Z   cache-write-only: false
2026-05-06T21:57:52.5150777Z   cache-overwrite-existing: false
2026-05-06T21:57:52.5151012Z   cache-cleanup: on-success
2026-05-06T21:57:52.5151283Z   gradle-home-cache-includes: caches
notifications

2026-05-06T21:57:52.5151585Z   add-job-summary: always
2026-05-06T21:57:52.5151826Z   add-job-summary-as-pr-comment: never
2026-05-06T21:57:52.5152123Z   dependency-graph: generate-submit-and-upload
2026-05-06T21:57:52.5152460Z   dependency-graph-report-dir: dependency-graph-reports
2026-05-06T21:57:52.5152810Z   dependency-graph-continue-on-failure: false
2026-05-06T21:57:52.5153088Z   build-scan-publish: false
2026-05-06T21:57:52.5153314Z   validate-wrappers: false
2026-05-06T21:57:52.5153540Z   allow-snapshot-wrappers: false
2026-05-06T21:57:52.5153836Z   gradle-home-cache-strict-match: false
2026-05-06T21:57:52.5154092Z   workflow-job-context: null
2026-05-06T21:57:52.5154449Z   github-token: ***
2026-05-06T21:57:52.5154635Z env:
2026-05-06T21:57:52.5154900Z   JAVA_HOME: /opt/hostedtoolcache/Java_Temurin-Hotspot_jdk/17.0.18-8/x64
2026-05-06T21:57:52.5155366Z   JAVA_HOME_17_X64: /opt/hostedtoolcache/Java_Temurin-Hotspot_jdk/17.0.18-8/x64
2026-05-06T21:57:52.5155975Z ##[endgroup]
2026-05-06T21:57:53.5048567Z Merged default JDK locations into /home/runner/.m2/toolchains.xml
2026-05-06T21:57:53.5051198Z Preparing cache for cleanup.
2026-05-06T21:57:53.5056707Z ##[group]Restore Gradle state from cache
2026-05-06T21:57:53.6549851Z Cache hit for restore-key: gradle-home-v1|Linux-X64|dependency-submission[b8a35c2f917259958c9abe8f2ff1b5ff]-edc01a2cd0dbf61dc8c7e535c9c7409adcaedeba
2026-05-06T21:57:54.0784549Z Received 1046005 of 1046005 (100.0%), 3.3 MBs/sec
2026-05-06T21:57:54.0785562Z Cache Size: ~1 MB (1046005 B)
2026-05-06T21:57:54.0828211Z [command]/usr/bin/tar -xf /home/runner/work/_temp/8ab65176-0012-4585-b871-01233f6d6cb2/cache.tzst -P -C /home/runner/work/cossh/cossh --use-compress-program unzstd
2026-05-06T21:57:54.2244190Z Cache restored successfully
2026-05-06T21:57:54.2251832Z Restored cache entry with key gradle-home-v1|Linux-X64|dependency-submission[b8a35c2f917259958c9abe8f2ff1b5ff]-7871e75dd1e9dff341550b15a0e584f1db7ae4a3 to /home/runner/.gradle/caches,/home/runner/.gradle/notifications,/home/runner/.gradle/.setup-gradle in 717ms
2026-05-06T21:57:54.3420874Z Cache hit for: gradle-generated-gradle-jars-v1-26cfecc158c44513d188405a5d2d0d9c
2026-05-06T21:57:54.3461178Z Cache hit for: gradle-wrapper-zips-v1-df6ecc383658ce44d9cbac4d1bfd12bf
2026-05-06T21:57:54.3476820Z Cache hit for: gradle-groovy-dsl-v1-d25640e8aca16f96663e29c5fe9665c7
2026-05-06T21:57:54.3600976Z Cache hit for: gradle-instrumented-jars-v1-46d35f1659369d22dae1da9ff104caff
2026-05-06T21:57:54.3608784Z Cache hit for: gradle-dependencies-v1-c5f7cb7ba2ce0683743c23cedd344add
2026-05-06T21:57:54.3614377Z Cache hit for: gradle-transforms-v1-3a879377a30b59f0538b7ed722afe3ee
2026-05-06T21:57:54.3819472Z Cache hit for: gradle-kotlin-dsl-v1-a9c48ceca60c1834b267e8676029dd0a
2026-05-06T21:57:54.6628512Z Received 126872 of 126872 (100.0%), 0.9 MBs/sec
2026-05-06T21:57:54.6629190Z Cache Size: ~0 MB (126872 B)
2026-05-06T21:57:54.6743771Z [command]/usr/bin/tar -xf /home/runner/work/_temp/32909579-7bc7-4135-83d9-81f9d40a7e97/cache.tzst -P -C /home/runner/work/cossh/cossh --use-compress-program unzstd
2026-05-06T21:57:54.6937934Z Cache restored successfully
2026-05-06T21:57:54.6948545Z Restored cache entry with key gradle-instrumented-jars-v1-46d35f1659369d22dae1da9ff104caff to /home/runner/.gradle/caches/jars-*/*/ in 468ms
2026-05-06T21:57:54.6990772Z Received 532794 of 532794 (100.0%), 1.8 MBs/sec
2026-05-06T21:57:54.6991422Z Cache Size: ~1 MB (532794 B)
2026-05-06T21:57:54.7040692Z [command]/usr/bin/tar -xf /home/runner/work/_temp/7e583474-57ef-49f1-803f-91e7eb5e1b3a/cache.tzst -P -C /home/runner/work/cossh/cossh --use-compress-program unzstd
2026-05-06T21:57:54.7417720Z Received 200738 of 200738 (100.0%), 0.6 MBs/sec
2026-05-06T21:57:54.7418639Z Cache Size: ~0 MB (200738 B)
2026-05-06T21:57:54.8027551Z [command]/usr/bin/tar -xf /home/runner/work/_temp/3d815e7c-dad8-4d61-9167-8606f70d8eb0/cache.tzst -P -C /home/runner/work/cossh/cossh --use-compress-program unzstd
2026-05-06T21:57:54.8902524Z Cache restored successfully
2026-05-06T21:57:54.9011117Z Restored cache entry with key gradle-groovy-dsl-v1-d25640e8aca16f96663e29c5fe9665c7 to /home/runner/.gradle/caches/*/groovy-dsl/*/ in 673ms
2026-05-06T21:57:54.9691791Z Cache restored successfully
2026-05-06T21:57:54.9709156Z Restored cache entry with key gradle-kotlin-dsl-v1-a9c48ceca60c1834b267e8676029dd0a to /home/runner/.gradle/caches/*/kotlin-dsl/accessors/*/,/home/runner/.gradle/caches/*/kotlin-dsl/scripts/*/ in 743ms
2026-05-06T21:57:55.2673474Z Received 39619900 of 39619900 (100.0%), 44.9 MBs/sec
2026-05-06T21:57:55.2674145Z Cache Size: ~38 MB (39619900 B)
2026-05-06T21:57:55.2946614Z [command]/usr/bin/tar -xf /home/runner/work/_temp/7b80f1d1-c859-4909-b646-57b4de47a1b7/cache.tzst -P -C /home/runner/work/cossh/cossh --use-compress-program unzstd
2026-05-06T21:57:55.4644606Z Received 67108864 of 307718151 (21.8%), 62.9 MBs/sec
2026-05-06T21:57:55.4872346Z Received 54525952 of 135429448 (40.3%), 51.4 MBs/sec
2026-05-06T21:57:55.5085514Z Received 33554432 of 187717386 (17.9%), 31.9 MBs/sec
2026-05-06T21:57:55.6392269Z Cache restored successfully
2026-05-06T21:57:55.6467696Z Restored cache entry with key gradle-generated-gradle-jars-v1-26cfecc158c44513d188405a5d2d0d9c to /home/runner/.gradle/caches/8.9/generated-gradle-jars/gradle-api-8.9.jar in 1421ms
2026-05-06T21:57:56.2069029Z Received 135429448 of 135429448 (100.0%), 74.6 MBs/sec
2026-05-06T21:57:56.2070337Z Cache Size: ~129 MB (135429448 B)
2026-05-06T21:57:56.2271260Z [command]/usr/bin/tar -xf /home/runner/work/_temp/e15f0ce2-2730-4048-beea-d168eef46040/cache.tzst -P -C /home/runner/work/cossh/cossh --use-compress-program unzstd
2026-05-06T21:57:56.4688939Z Received 226492416 of 307718151 (73.6%), 107.0 MBs/sec
2026-05-06T21:57:56.5112338Z Received 134217728 of 187717386 (71.5%), 63.7 MBs/sec
2026-05-06T21:57:56.5932570Z Cache restored successfully
2026-05-06T21:57:56.6208020Z Restored cache entry with key gradle-wrapper-zips-v1-df6ecc383658ce44d9cbac4d1bfd12bf to /home/runner/.gradle/wrapper/dists/gradle-8.9-bin/90cnw93cvbtalezasaz0blq0a in 2394ms
2026-05-06T21:57:56.8453736Z Received 187717386 of 187717386 (100.0%), 76.4 MBs/sec
2026-05-06T21:57:56.8457442Z Cache Size: ~179 MB (187717386 B)
2026-05-06T21:57:56.8486198Z [command]/usr/bin/tar -xf /home/runner/work/_temp/499f2bb1-7717-4c24-828b-8c3f3f1d965a/cache.tzst -P -C /home/runner/work/cossh/cossh --use-compress-program unzstd
2026-05-06T21:57:57.1422176Z Received 307718151 of 307718151 (100.0%), 108.9 MBs/sec
2026-05-06T21:57:57.1423269Z Cache Size: ~293 MB (307718151 B)
2026-05-06T21:57:57.1638286Z [command]/usr/bin/tar -xf /home/runner/work/_temp/4233971e-b2f5-43f3-9934-edd7e636dd1d/cache.tzst -P -C /home/runner/work/cossh/cossh --use-compress-program unzstd
2026-05-06T21:57:58.1839201Z Cache restored successfully
2026-05-06T21:57:58.2021391Z Restored cache entry with key gradle-dependencies-v1-c5f7cb7ba2ce0683743c23cedd344add to /home/runner/.gradle/caches/modules-*/files-*/*/*/*/* in 3975ms
2026-05-06T21:57:59.1036865Z Cache restored successfully
2026-05-06T21:57:59.5483880Z Restored cache entry with key gradle-transforms-v1-3a879377a30b59f0538b7ed722afe3ee to /home/runner/.gradle/caches/transforms-4/*/,/home/runner/.gradle/caches/*/transforms/*/ in 5320ms
2026-05-06T21:57:59.6131161Z ##[endgroup]
2026-05-06T21:57:59.6142007Z Enabling dependency graph generation
2026-05-06T21:57:59.6158329Z [command]/home/runner/work/cossh/cossh/gradlew -Dorg.gradle.configureondemand=false -Dorg.gradle.dependency.verification=off -Dorg.gradle.unsafe.isolated-projects=false :ForceDependencyResolutionPlugin_resolveAllDependencies
2026-05-06T21:58:01.3384077Z Starting a Gradle Daemon (subsequent builds will be faster)
2026-05-06T21:58:05.5384831Z Generating dependency graph into '/home/runner/work/cossh/cossh/dependency-graph-reports/ci-dependency-submission.json'
2026-05-06T21:58:05.5386954Z Resolving dependency graph plugin 1.4.0 from plugin repository: https://plugins.gradle.org/m2
2026-05-06T21:58:16.8442137Z 
2026-05-06T21:58:16.8549678Z > Configure project :app
2026-05-06T21:58:16.8608241Z The 'sonarqube' task depends on compile tasks. This behavior is now deprecated and will be removed in version 5.x. To avoid implicit compilation, set property 'sonar.gradle.skipCompile' to 'true' and make sure your project is compiled, before analysis has started.
2026-05-06T21:58:16.8637892Z The 'sonar' task depends on compile tasks. This behavior is now deprecated and will be removed in version 5.x. To avoid implicit compilation, set property 'sonar.gradle.skipCompile' to 'true' and make sure your project is compiled, before analysis has started.
2026-05-06T21:58:22.2376947Z WARNING: The following problems were found when resolving the SDK location:
2026-05-06T21:58:22.2380251Z Where: sdk.dir property in local.properties file. Problem: Directory does not exist
2026-05-06T21:58:22.2381256Z 
2026-05-06T21:58:22.9383778Z 
2026-05-06T21:58:22.9388158Z > Task :ForceDependencyResolutionPlugin_resolveProjectDependencies
2026-05-06T21:58:24.7386448Z 
2026-05-06T21:58:24.7398065Z > Task :app:ForceDependencyResolutionPlugin_resolveProjectDependencies
2026-05-06T21:58:24.7400375Z The dependency resolution engine wasn't able to find a version of module androidx.compose.ui:ui-test which satisfied all requirements because the graph wasn't stable enough. The highest version was selected in order to stabilize selection.
2026-05-06T21:58:24.7402675Z Features available in a stable graph like version alignment are not guaranteed in this case.
2026-05-06T21:58:24.7403553Z 
2026-05-06T21:58:24.7404052Z > Task :ForceDependencyResolutionPlugin_resolveAllDependencies
2026-05-06T21:58:24.7405246Z Constructing renderer: org.gradle.github.dependencygraph.GitHubDependencyGraphRenderer
2026-05-06T21:58:25.4378469Z 
2026-05-06T21:58:25.4407405Z GitHubDependencyGraphRenderer: Wrote dependency snapshot to 
2026-05-06T21:58:25.4408804Z /home/runner/work/cossh/cossh/dependency-graph-reports/ci-dependency-submission.json
2026-05-06T21:58:25.4410220Z gradle/actions: Writing build results to /home/runner/work/_temp/.gradle-actions/build-results/__gradle_actions-1778104685366.json
2026-05-06T21:58:25.4411146Z 
2026-05-06T21:58:25.4411738Z BUILD SUCCESSFUL in 25s
2026-05-06T21:58:25.4412191Z 2 actionable tasks: 2 executed
2026-05-06T21:58:25.7794603Z Found dependency graph files: /home/runner/work/cossh/cossh/dependency-graph-reports/ci-dependency-submission.json
2026-05-06T21:58:26.2067924Z ##[notice]Submitted dependency-graph-reports/ci-dependency-submission.json: Dependency results for the repo have been successfully updated.
2026-05-06T21:58:26.2079791Z Uploading dependency graph file: dependency-graph-reports/ci-dependency-submission.json
2026-05-06T21:58:26.2080693Z Artifact name is valid!
2026-05-06T21:58:26.2081140Z Root directory input is valid!
2026-05-06T21:58:26.3349736Z Beginning upload of artifact content to blob storage
2026-05-06T21:58:26.3973459Z Uploaded bytes 19525
2026-05-06T21:58:26.4287362Z Finished uploading artifact content to blob storage!
2026-05-06T21:58:26.4288204Z SHA256 digest of uploaded artifact zip is 6d693817ea1f86b92f4b741074be3e7ac7eb40bce7ab767ea48743dfd6ebd31e
2026-05-06T21:58:26.4289649Z Finalizing artifact upload
2026-05-06T21:58:26.6139047Z Artifact dependency-graph_ci-dependency-submission.json.zip successfully finalized. Artifact ID 6842371041
2026-05-06T21:58:26.6380160Z Post job cleanup.
2026-05-06T21:58:26.9076226Z In post-action step
2026-05-06T21:58:26.9089349Z ##[group]Stopping Gradle daemons
2026-05-06T21:58:26.9090572Z Stopping Gradle daemons for /home/runner/.gradle/wrapper/dists/gradle-8.9-bin/90cnw93cvbtalezasaz0blq0a/gradle-8.9
2026-05-06T21:58:26.9111266Z [command]/home/runner/.gradle/wrapper/dists/gradle-8.9-bin/90cnw93cvbtalezasaz0blq0a/gradle-8.9/bin/gradle --stop
2026-05-06T21:58:27.5663257Z Stopping Daemon(s)
2026-05-06T21:58:27.5846767Z 1 Daemon stopped
2026-05-06T21:58:27.6036688Z ##[endgroup]
2026-05-06T21:58:27.6083906Z ##[group]Provision Gradle >= 8.11
2026-05-06T21:58:33.2304732Z Gradle version 9.4.1 is available at /usr/bin/gradle and >= 8.11. Not installing.
2026-05-06T21:58:33.2305544Z ##[endgroup]
2026-05-06T21:58:33.2311375Z ##[group]Executing Gradle to clean up caches
2026-05-06T21:58:33.2312049Z Cleaning up caches last used before 1778104673505
2026-05-06T21:58:33.2316867Z [command]/usr/bin/gradle -g /home/runner/.gradle -I init.gradle --info --no-daemon --no-scan --build-cache -DGITHUB_DEPENDENCY_GRAPH_ENABLED=false -DGRADLE_ACTIONS_SKIP_BUILD_RESULT_CAPTURE=true noop
2026-05-06T21:58:33.6156203Z Initialized native services in: /home/runner/.gradle/native
2026-05-06T21:58:33.6181387Z Initialized jansi services in: /home/runner/.gradle/native
2026-05-06T21:58:34.0428498Z To honour the JVM settings for this build a single-use Daemon process will be forked. For more on this, please refer to https://docs.gradle.org/9.4.1/userguide/gradle_daemon.html#sec:disabling_the_daemon in the Gradle documentation.
2026-05-06T21:58:34.0458765Z Starting process 'Gradle build daemon'. Working directory: /home/runner/.gradle/daemon/9.4.1 Command: /usr/lib/jvm/temurin-17-jdk-amd64/bin/java --add-opens=java.base/java.lang=ALL-UNNAMED --add-opens=java.base/java.lang.invoke=ALL-UNNAMED --add-opens=java.base/java.util=ALL-UNNAMED --add-opens=java.prefs/java.util.prefs=ALL-UNNAMED --add-exports=jdk.compiler/com.sun.tools.javac.api=ALL-UNNAMED --add-exports=jdk.compiler/com.sun.tools.javac.util=ALL-UNNAMED --add-opens=java.base/java.util=ALL-UNNAMED --add-opens=java.prefs/java.util.prefs=ALL-UNNAMED --add-opens=java.base/java.nio.charset=ALL-UNNAMED --add-opens=java.base/java.net=ALL-UNNAMED --add-opens=java.base/java.util.concurrent=ALL-UNNAMED --add-opens=java.base/java.util.concurrent.atomic=ALL-UNNAMED --add-opens=java.xml/javax.xml.namespace=ALL-UNNAMED --add-opens=java.base/java.time=ALL-UNNAMED -XX:MaxMetaspaceSize=384m -XX:+HeapDumpOnOutOfMemoryError -Xms256m -Xmx512m -Dfile.encoding=UTF-8 -Duser.country -Duser.language=en -Duser.variant -cp /usr/share/gradle-9.4.1/lib/gradle-daemon-main-9.4.1.jar -javaagent:/usr/share/gradle-9.4.1/lib/agents/gradle-instrumentation-agent-9.4.1.jar org.gradle.launcher.daemon.bootstrap.GradleDaemon 9.4.1
2026-05-06T21:58:34.1422903Z Successfully started process 'Gradle build daemon'
2026-05-06T21:58:38.1424915Z An attempt to start the daemon took 4.073 secs.
2026-05-06T21:58:38.1428769Z The client will now receive all logging from the daemon (pid: 2660). The daemon log file: /home/runner/.gradle/daemon/9.4.1/daemon-2660.out.log
2026-05-06T21:58:38.1430256Z Daemon will be stopped at the end of the build 
2026-05-06T21:58:39.2421728Z Using 4 worker leases.
2026-05-06T21:58:39.2425449Z Operational build model parameters: {cachingModelBuilding=false, configurationCache=false, configurationCacheDisabledReason=null, configurationCacheParallelLoad=false, configurationCacheParallelStore=false, configureOnDemand=false, invalidateCoupledProjects=false, isolatedProjects=false, modelAsProjectDependency=false, modelBuilding=false, parallelModelBuilding=false, parallelProjectConfiguration=false, parallelProjectExecution=false, resilientModelBuilding=false}
2026-05-06T21:58:39.9424332Z Received JVM installation metadata from '/usr/lib/jvm/temurin-17-jdk-amd64': {JAVA_HOME=/usr/lib/jvm/temurin-17-jdk-amd64, JAVA_VERSION=17.0.18, JAVA_VENDOR=Eclipse Adoptium, RUNTIME_NAME=OpenJDK Runtime Environment, RUNTIME_VERSION=17.0.18+8, VM_NAME=OpenJDK 64-Bit Server VM, VM_VERSION=17.0.18+8, VM_VENDOR=Eclipse Adoptium, OS_ARCH=amd64}
2026-05-06T21:58:40.4437043Z Watching the file system is configured to be enabled if available
2026-05-06T21:58:40.4447004Z Now considering [/home/runner/work/_temp/dummy-cleanup-project] as hierarchies to watch
2026-05-06T21:58:40.4451933Z File system watching is active
2026-05-06T21:58:41.0432872Z Caching disabled for Groovy DSL script compilation (cp_init) because:
2026-05-06T21:58:41.0433882Z   Build cache is disabled
2026-05-06T21:58:41.0434625Z   Not worth caching.
2026-05-06T21:58:41.1422501Z Compiling initialization script '/home/runner/work/_temp/dummy-cleanup-project/init.gradle' using SubsetScriptTransformer.
2026-05-06T21:58:42.0433183Z Caching disabled for Groovy DSL script compilation (init) because:
2026-05-06T21:58:42.0436033Z   Build cache is disabled
2026-05-06T21:58:42.0437047Z   Not worth caching.
2026-05-06T21:58:42.0438315Z Compiling initialization script '/home/runner/work/_temp/dummy-cleanup-project/init.gradle' using BuildScriptTransformer.
2026-05-06T21:58:42.6421408Z gradle/actions: Not capturing build results
2026-05-06T21:58:42.8429215Z Starting Build
2026-05-06T21:58:42.9421738Z Settings evaluated using settings file '/home/runner/work/_temp/dummy-cleanup-project/settings.gradle'.
2026-05-06T21:58:42.9432930Z Using local directory build cache for the root build (location = /home/runner/.gradle/caches/build-cache-1, remove unused entries = older than 2026-05-06 21:57:53 UTC).
2026-05-06T21:58:43.1434288Z Projects loaded. Root project using build file '/home/runner/work/_temp/dummy-cleanup-project/build.gradle'.
2026-05-06T21:58:43.1436003Z Included projects: [root project 'dummy-cleanup-project']
2026-05-06T21:58:43.3434229Z 
2026-05-06T21:58:43.3443819Z > Configure project :
2026-05-06T21:58:43.3445148Z Evaluating root project 'dummy-cleanup-project' using build file '/home/runner/work/_temp/dummy-cleanup-project/build.gradle'.
2026-05-06T21:58:43.3446747Z All projects evaluated.
2026-05-06T21:58:43.3447383Z Task name matched 'noop'
2026-05-06T21:58:43.3448038Z Selected primary task 'noop' from project :
2026-05-06T21:58:43.4422025Z Tasks to be executed: [task ':noop']
2026-05-06T21:58:43.4432327Z Tasks that were excluded: []
2026-05-06T21:58:43.4433354Z Resolve mutations for :noop (Thread[Execution worker,5,main]) started.
2026-05-06T21:58:43.4434350Z :noop (Thread[Execution worker,5,main]) started.
2026-05-06T21:58:43.4434947Z 
2026-05-06T21:58:43.4435318Z > Task :noop UP-TO-DATE
2026-05-06T21:58:43.4436257Z Skipping task ':noop' as it has no actions.
2026-05-06T21:58:43.4436885Z 
2026-05-06T21:58:43.4437231Z BUILD SUCCESSFUL in 10s
2026-05-06T21:58:43.5450788Z Consider enabling configuration cache to speed up this build: https://docs.gradle.org/9.4.1/userguide/configuration_cache_enabling.html
2026-05-06T21:58:43.5490745Z Build cache (/home/runner/.gradle/caches/build-cache-1) removing files not accessed on or after Wed May 06 21:57:53 UTC 2026.
2026-05-06T21:58:43.5500987Z Build cache (/home/runner/.gradle/caches/build-cache-1) cleanup deleted 0 files/directories.
2026-05-06T21:58:43.5534314Z Build cache (/home/runner/.gradle/caches/build-cache-1) cleaned up in 0.003 secs.
2026-05-06T21:58:43.5547269Z groovy-dsl removing files not accessed on or after Wed May 06 21:57:53 UTC 2026.
2026-05-06T21:58:43.5558630Z groovy-dsl cleanup deleted 2 files/directories.
2026-05-06T21:58:43.5559643Z groovy-dsl cleaned up in 0.018 secs.
2026-05-06T21:58:43.5560718Z jars (/home/runner/.gradle/caches/jars-9) cleanup deleted 0 files/directories.
2026-05-06T21:58:43.5562360Z jars (/home/runner/.gradle/caches/jars-9) removing files not accessed on or after Wed May 06 21:57:53 UTC 2026.
2026-05-06T21:58:43.5563834Z jars (/home/runner/.gradle/caches/jars-9) cleanup deleted 1 files/directories.
2026-05-06T21:58:43.5564932Z jars (/home/runner/.gradle/caches/jars-9) cleaned up in 0.006 secs.
2026-05-06T21:58:43.5566438Z artifact cache (/home/runner/.gradle/caches/modules-2) cleanup deleted 0 files/directories.
2026-05-06T21:58:43.5568580Z artifact cache (/home/runner/.gradle/caches/modules-2) [subdir: /home/runner/.gradle/caches/modules-2/resources-2.1] cleanup deleted 0 files/directories.
2026-05-06T21:58:43.5570953Z artifact cache (/home/runner/.gradle/caches/modules-2) [subdir: /home/runner/.gradle/caches/modules-2/resources-2.1] removing files not accessed on or after Wed May 06 21:57:53 UTC 2026.
2026-05-06T21:58:43.5573296Z artifact cache (/home/runner/.gradle/caches/modules-2) [subdir: /home/runner/.gradle/caches/modules-2/resources-2.1] cleanup deleted 0 files/directories.
2026-05-06T21:58:43.5575388Z artifact cache (/home/runner/.gradle/caches/modules-2) [subdir: /home/runner/.gradle/caches/modules-2/files-2.1] cleanup deleted 0 files/directories.
2026-05-06T21:58:43.5577908Z artifact cache (/home/runner/.gradle/caches/modules-2) [subdir: /home/runner/.gradle/caches/modules-2/files-2.1] removing files not accessed on or after Wed May 06 21:57:53 UTC 2026.
2026-05-06T21:58:43.6070071Z artifact cache (/home/runner/.gradle/caches/modules-2) [subdir: /home/runner/.gradle/caches/modules-2/files-2.1] cleanup deleted 0 files/directories.
2026-05-06T21:58:43.6097767Z artifact cache (/home/runner/.gradle/caches/modules-2) [subdir: /home/runner/.gradle/caches/modules-2/metadata-2.107] cleanup deleted 0 files/directories.
2026-05-06T21:58:43.6120129Z artifact cache (/home/runner/.gradle/caches/modules-2) cleanup deleted 0 files/directories.
2026-05-06T21:58:43.6135343Z artifact cache (/home/runner/.gradle/caches/modules-2) cleaned up in 0.084 secs.
2026-05-06T21:58:43.6977330Z ##[endgroup]
2026-05-06T21:58:43.6978076Z ##[group]Caching Gradle state
2026-05-06T21:58:44.0976166Z [command]/usr/bin/tar --posix -cf cache.tzst --exclude cache.tzst -P -C /home/runner/work/cossh/cossh --files-from manifest.txt --use-compress-program zstdmt
2026-05-06T21:58:44.2106071Z [command]/usr/bin/tar --posix -cf cache.tzst --exclude cache.tzst -P -C /home/runner/work/cossh/cossh --files-from manifest.txt --use-compress-program zstdmt
2026-05-06T21:58:44.2185250Z [command]/usr/bin/tar --posix -cf cache.tzst --exclude cache.tzst -P -C /home/runner/work/cossh/cossh --files-from manifest.txt --use-compress-program zstdmt
2026-05-06T21:58:44.4731080Z Sent 127058 of 127058 (100.0%), 0.6 MBs/sec
2026-05-06T21:58:44.5162953Z Sent 200785 of 200785 (100.0%), 1.1 MBs/sec
2026-05-06T21:58:44.6315465Z Saved cache entry with key gradle-instrumented-jars-v1-27d0f3e75e9f234e1f5edb56dc12ff5d from /home/runner/.gradle/caches/jars-*/*/ in 560ms
2026-05-06T21:58:45.2353706Z Sent 549432 of 549432 (100.0%), 0.7 MBs/sec
2026-05-06T21:58:45.2354691Z Saved cache entry with key gradle-groovy-dsl-v1-9153459af2b3b40ac89645aec9fcc680 from /home/runner/.gradle/caches/*/groovy-dsl/*/ in 1061ms
2026-05-06T21:58:45.4174406Z Saved cache entry with key gradle-kotlin-dsl-v1-a5fed4512f1c379789fee400aeca479b from /home/runner/.gradle/caches/*/kotlin-dsl/accessors/*/,/home/runner/.gradle/caches/*/kotlin-dsl/scripts/*/ in 1304ms
2026-05-06T21:58:45.5747076Z [command]/usr/bin/tar --posix -cf cache.tzst --exclude cache.tzst -P -C /home/runner/work/cossh/cossh --files-from manifest.txt --use-compress-program zstdmt
2026-05-06T21:58:45.9348340Z Sent 1052650 of 1052650 (100.0%), 6.4 MBs/sec
2026-05-06T21:58:46.0952831Z Saved cache entry with key gradle-home-v1|Linux-X64|dependency-submission[b8a35c2f917259958c9abe8f2ff1b5ff]-7871e75dd1e9dff341550b15a0e584f1db7ae4a3 from /home/runner/.gradle/caches,/home/runner/.gradle/notifications,/home/runner/.gradle/.setup-gradle in 530ms
2026-05-06T21:58:46.0954352Z ##[endgroup]
2026-05-06T21:58:46.0961367Z Generating Job Summary
2026-05-06T21:58:46.0975079Z Completed post-action step
2026-05-06T21:58:46.1157595Z Post job cleanup.
2026-05-06T21:58:46.2993608Z Post job cleanup.
2026-05-06T21:58:46.3989882Z [command]/usr/bin/git version
2026-05-06T21:58:46.4026855Z git version 2.53.0
2026-05-06T21:58:46.4072769Z Temporarily overriding HOME='/home/runner/work/_temp/2eaa52ab-b1ab-4708-aa87-1e993d48d454' before making global git config changes
2026-05-06T21:58:46.4074306Z Adding repository directory to the temporary git global config as a safe directory
2026-05-06T21:58:46.4079418Z [command]/usr/bin/git config --global --add safe.directory /home/runner/work/cossh/cossh
2026-05-06T21:58:46.4117622Z [command]/usr/bin/git config --local --name-only --get-regexp core\.sshCommand
2026-05-06T21:58:46.4150652Z [command]/usr/bin/git submodule foreach --recursive sh -c "git config --local --name-only --get-regexp 'core\.sshCommand' && git config --local --unset-all 'core.sshCommand' || :"
2026-05-06T21:58:46.4374868Z [command]/usr/bin/git config --local --name-only --get-regexp http\.https\:\/\/github\.com\/\.extraheader
2026-05-06T21:58:46.4397613Z http.https://github.com/.extraheader
2026-05-06T21:58:46.4409222Z [command]/usr/bin/git config --local --unset-all http.https://github.com/.extraheader
2026-05-06T21:58:46.4439237Z [command]/usr/bin/git submodule foreach --recursive sh -c "git config --local --name-only --get-regexp 'http\.https\:\/\/github\.com\/\.extraheader' && git config --local --unset-all 'http.https://github.com/.extraheader' || :"
2026-05-06T21:58:46.4667409Z [command]/usr/bin/git config --local --name-only --get-regexp ^includeIf\.gitdir:
2026-05-06T21:58:46.4701298Z [command]/usr/bin/git submodule foreach --recursive git config --local --show-origin --name-only --get-regexp remote.origin.url
2026-05-06T21:58:46.5030192Z Cleaning up orphan processes
2026-05-06T21:58:46.5441358Z ##[warning]Node.js 20 actions are deprecated. The following actions are running on Node.js 20 and may not work as expected: actions/checkout@v4, actions/setup-java@v4, gradle/actions/dependency-submission@v4. Actions will be forced to run with Node.js 24 by default starting June 2nd, 2026. Node.js 20 will be removed from the runner on September 16th, 2026. Please check if updated versions of these actions are available that support Node.js 24. To opt into Node.js 24 now, set the FORCE_JAVASCRIPT_ACTIONS_TO_NODE24=true environment variable on the runner or in your workflow file. Once Node.js 24 becomes the default, you can temporarily opt out by setting ACTIONS_ALLOW_USE_UNSECURE_NODE_VERSION=true. For more information see: https://github.blog/changelog/2025-09-19-deprecation-of-node-20-on-github-actions-runners/

